// Jest Snapshot v1, https://goo.gl/fbAQLP

exports[`Host Component should render the Host Component correctly 1`] = `
<Host
  css={Object {}}
  data={
    Object {
      "__v": 0,
      "_id": "5e74e650fb1dc725a5109e47",
      "body": "Rerum veritatis voluptates aut nobis ratione eum. Magni rerum sunt ipsam ipsam. Temporibus est est nobis beatae at voluptas commodi dolorem nemo. Aut autem omnis sapiente libero corporis incidunt atque. Iste repellendus voluptatem fugit cumque odio dolorum sed suscipit.
 
Et tempora ullam beatae suscipit nobis numquam. Aut quisquam vel maxime tempora quia veniam sed hic qui. Quibusdam est facilis consequatur at sapiente quia nihil inventore. Quia a tempora aut fuga ipsum aut non. Est qui autem quia nihil aliquid molestias. Voluptate quibusdam omnis.
 
Ratione officiis ipsa consequatur rem dolorem. Quia possimus at quae aut assumenda tempora voluptatem sed quo. Illo voluptatum quam quas vel aut.",
      "city": "Reillyfort",
      "image": "https://fechrr.s3.amazonaws.com/host/host+(6).jpg",
      "interaction": "Neque qui exercitationem voluptatem ipsa. Enim autem consequatur ut et. Occaecati quaerat qui. Sapiente voluptas exercitationem suscipit blanditiis et non officiis.",
      "location": Object {
        "body": "Consequatur quo quam eum aut sit voluptas. Recusandae quidem veritatis provident nihil occaecati nihil atque enim laboriosam. Non aut cumque qui sed inventore quo doloremque non veritatis.
 
Et qui aspernatur. Et animi in id soluta dolore officiis. Et autem neque inventore aut sit. Qui voluptatum illo inventore dolor sunt consequuntur. Nulla dolor nesciunt aperiam ullam molestiae illo delectus. Molestias ducimus debitis quasi officia fuga est magni.
 
Id et rerum non ullam rerum non molestiae. Magnam quisquam ipsum ullam quasi. Perspiciatis amet temporibus dolores temporibus sapiente quis dolorum. Alias iusto voluptate quis sunt corporis et odio sit aut. Dolorum aut velit assumenda facere.",
        "gettingAround": "Rental car is advisable.",
      },
      "monthJoined": "June",
      "name": "Bridget",
      "review": 236,
      "rules": Object {
        "body": "Minus sunt eos incidunt quis sit quo. Amet vel hic odio quae id. Cum aut perspiciatis aut sed voluptas quam laboriosam minima. Suscipit eveniet facilis nihil soluta suscipit. Totam labore architecto at est totam ut. Officia quia soluta praesentium voluptas accusamus id dolores.
 
Qui aut alias vero consequatur distinctio dolorum sit doloribus. Vel voluptate dolores voluptatem dolore consequatur voluptate omnis aut ea. Dolores repellendus nihil in in expedita sed. Magni sed adipisci hic tempore vel molestiae ipsam repudiandae recusandae.
 
Laudantium qui sed aut cupiditate voluptas modi autem. Et eos et. Aut et dignissimos dolorem. Voluptatem aut aut in commodi illum veniam impedit. Aperiam eum et sit. Sequi aut sed est et distinctio in deserunt quasi.",
        "checkin": "10AM - 4PM",
        "checkout": "11AM",
      },
      "state": "ID",
      "superhost": "Superhost",
      "verified": "Verified",
      "yearJoined": "2018",
      "zip": "24601",
    }
  }
/>
`;

exports[`Things To Do Component should render the ThingsToDo Component correctly 1`] = `
<div>
  <div>
    <h2>
      Hosted by 
    </h2>
    <p>
      , 
       · Joined in 
       
       
      <br />
      <StarIcon />
       
       Reviews 
      <VerifiedUserIcon />
       
    </p>
    <img />
  </div>
  <p>
     is a Superhost · Superhosts are experienced, highly rated hosts who are committed to providing great stays for guests.
  </p>
  <p>
    <h3>
       Interaction with guests
    </h3>
     
    <br />
    Languages: English 
    <br />
    Response rate: 100% 
    <br />
    Response time: within an hour 
    <br />
    <button>
      Contact host
    </button>
     
    <br />
    <span>
      Always communicate through Airbnb 
    </span>
     · To protect your payment, never transfer money or communicate outside of the Airbnb website or app. 
    <a
      href=""
    >
      Learn more
    </a>
  </p>
</div>
`;
