// Jest Snapshot v1, https://goo.gl/fbAQLP

exports[`Properties Component should render the Properties Component correctly 1`] = `
<ThingsToDo
  css={Object {}}
  data={
    Object {
      "_id": "5e74e650fb1dc725a5109eb5",
      "properties": Array [
        Object {
          "_id": "5e74e650fb1dc725a5109eb6",
          "cost": "190$/night",
          "description": "voluptas saepe minus",
          "image": "https://fechrr.s3.amazonaws.com/properties/properties+(51).jpg",
          "propType": "et quidem quia",
          "ratings": 2.4839168887641563,
          "review": 41,
        },
        Object {
          "_id": "5e74e650fb1dc725a5109eb7",
          "cost": "240$/night",
          "description": "inventore ipsum voluptas",
          "image": "https://fechrr.s3.amazonaws.com/properties/properties+(52).jpg",
          "propType": "sit natus laboriosam",
          "ratings": 1.8132940573552858,
          "review": 448,
        },
        Object {
          "_id": "5e74e650fb1dc725a5109eb8",
          "cost": "229$/night",
          "description": "distinctio eos repellendus",
          "image": "https://fechrr.s3.amazonaws.com/properties/properties+(53).jpg",
          "propType": "quis impedit voluptatibus",
          "ratings": 2.7803412736628275,
          "review": 134,
        },
        Object {
          "_id": "5e74e650fb1dc725a5109eb9",
          "cost": "116$/night",
          "description": "quod cupiditate reiciendis",
          "image": "https://fechrr.s3.amazonaws.com/properties/properties+(54).jpg",
          "propType": "facere ullam dolor",
          "ratings": 1.799776373389338,
          "review": 67,
        },
        Object {
          "_id": "5e74e650fb1dc725a5109eba",
          "cost": "0$/night",
          "description": "sunt quisquam et",
          "image": "https://fechrr.s3.amazonaws.com/properties/properties+(55).jpg",
          "propType": "facilis consequuntur ipsum",
          "ratings": 4.792770719932664,
          "review": 41,
        },
        Object {
          "_id": "5e74e650fb1dc725a5109ebb",
          "cost": "156$/night",
          "description": "dolorum voluptas autem",
          "image": "https://fechrr.s3.amazonaws.com/properties/properties+(56).jpg",
          "propType": "animi qui molestiae",
          "ratings": 3.6254731356263195,
          "review": 437,
        },
        Object {
          "_id": "5e74e650fb1dc725a5109ebc",
          "cost": "76$/night",
          "description": "molestias quia numquam",
          "image": "https://fechrr.s3.amazonaws.com/properties/properties+(57).jpg",
          "propType": "corporis autem blanditiis",
          "ratings": 4.585542572373946,
          "review": 259,
        },
        Object {
          "_id": "5e74e650fb1dc725a5109ebd",
          "cost": "140$/night",
          "description": "laborum odit molestiae",
          "image": "https://fechrr.s3.amazonaws.com/properties/properties+(58).jpg",
          "propType": "quia a dolorem",
          "ratings": 1.0928220408213296,
          "review": 19,
        },
        Object {
          "_id": "5e74e650fb1dc725a5109ebe",
          "cost": "77$/night",
          "description": "consequatur doloribus qui",
          "image": "https://fechrr.s3.amazonaws.com/properties/properties+(59).jpg",
          "propType": "nobis ducimus exercitationem",
          "ratings": 2.3424630463932616,
          "review": 325,
        },
        Object {
          "_id": "5e74e650fb1dc725a5109ebf",
          "cost": "248$/night",
          "description": "cum dolor et",
          "image": "https://fechrr.s3.amazonaws.com/properties/properties+(60).jpg",
          "propType": "voluptas enim alias",
          "ratings": 2.713204685544086,
          "review": 126,
        },
      ],
      "thingsToDo": Array [
        Object {
          "_id": "5e74e650fb1dc725a5109ec0",
          "cost": "39$/person",
          "description": "mollitia sit iste",
          "image": "https://fechrr.s3.amazonaws.com/things/things+(51).jpg",
          "thingsType": "ex",
        },
        Object {
          "_id": "5e74e650fb1dc725a5109ec1",
          "cost": "132$/person",
          "description": "incidunt ducimus temporibus",
          "image": "https://fechrr.s3.amazonaws.com/things/things+(52).jpg",
          "thingsType": "quaerat",
        },
        Object {
          "_id": "5e74e650fb1dc725a5109ec2",
          "cost": "89$/person",
          "description": "veniam aliquam quo",
          "image": "https://fechrr.s3.amazonaws.com/things/things+(53).jpg",
          "thingsType": "quae",
        },
        Object {
          "_id": "5e74e650fb1dc725a5109ec3",
          "cost": "56$/person",
          "description": "ipsa magnam totam",
          "image": "https://fechrr.s3.amazonaws.com/things/things+(54).jpg",
          "thingsType": "quod",
        },
        Object {
          "_id": "5e74e650fb1dc725a5109ec4",
          "cost": "23$/person",
          "description": "voluptatibus omnis rerum",
          "image": "https://fechrr.s3.amazonaws.com/things/things+(55).jpg",
          "thingsType": "temporibus",
        },
        Object {
          "_id": "5e74e650fb1dc725a5109ec5",
          "cost": "32$/person",
          "description": "optio sit aut",
          "image": "https://fechrr.s3.amazonaws.com/things/things+(56).jpg",
          "thingsType": "eaque",
        },
        Object {
          "_id": "5e74e650fb1dc725a5109ec6",
          "cost": "111$/person",
          "description": "est est et",
          "image": "https://fechrr.s3.amazonaws.com/things/things+(57).jpg",
          "thingsType": "perferendis",
        },
        Object {
          "_id": "5e74e650fb1dc725a5109ec7",
          "cost": "19$/person",
          "description": "maiores non veritatis",
          "image": "https://fechrr.s3.amazonaws.com/things/things+(58).jpg",
          "thingsType": "exercitationem",
        },
        Object {
          "_id": "5e74e650fb1dc725a5109ec8",
          "cost": "42$/person",
          "description": "sed nam nesciunt",
          "image": "https://fechrr.s3.amazonaws.com/things/things+(59).jpg",
          "thingsType": "ut",
        },
        Object {
          "_id": "5e74e650fb1dc725a5109ec9",
          "cost": "116$/person",
          "description": "repudiandae non ratione",
          "image": "https://fechrr.s3.amazonaws.com/things/things+(60).jpg",
          "thingsType": "molestias",
        },
      ],
      "zip": "24601",
    }
  }
/>
`;
